{"timestamp":"2026-07-31T21:24:24.937517Z","level":"info","event":"::group::Pre Execute","logger":"task","filename":"task_runner.py","lineno":2303}
{"timestamp":"2026-07-31T21:24:24.978373Z","level":"info","event":"DAG bundles loaded: dags-folder, example_dags, apache-airflow-providers-common-sql-example-dags, apache-airflow-providers-standard-example-dags","try_number":1,"ti_id":"019fba10-2b16-7621-8017-2bf8350979f7","task_id":"train_churn_model","run_id":"manual__2026-07-31T21:24:09.576886+00:00","dag_id":"churnguard_pipeline","map_index":-1,"logger":"airflow.dag_processing.bundles.manager.DagBundlesManager","filename":"manager.py","lineno":271}
{"timestamp":"2026-07-31T21:24:24.981417Z","level":"info","event":"Filling up the DagBag from /opt/airflow/dags/churn_pipeline_dag.py","try_number":1,"ti_id":"019fba10-2b16-7621-8017-2bf8350979f7","task_id":"train_churn_model","run_id":"manual__2026-07-31T21:24:09.576886+00:00","dag_id":"churnguard_pipeline","map_index":-1,"logger":"airflow.dag_processing.dagbag.BundleDagBag","filename":"dagbag.py","lineno":460}
{"timestamp":"2026-07-31T21:24:27.148804Z","level":"warning","event":"The `airflow.operators.python.PythonOperator` attribute is deprecated. Please use `'airflow.providers.standard.operators.python.PythonOperator'`.","category":"UserWarning","filename":"/opt/airflow/dags/churn_pipeline_dag.py","lineno":11,"try_number":1,"ti_id":"019fba10-2b16-7621-8017-2bf8350979f7","task_id":"train_churn_model","run_id":"manual__2026-07-31T21:24:09.576886+00:00","dag_id":"churnguard_pipeline","map_index":-1,"logger":"py.warnings"}
{"timestamp":"2026-07-31T21:24:27.149927Z","level":"info","event":"Worker startup parse complete","bundle_name":"dags-folder","bundle_version":null,"dag_file":"churn_pipeline_dag.py","dag_id":"churnguard_pipeline","bundle_prepare_ms":5,"dag_file_parse_ms":2168,"try_number":1,"ti_id":"019fba10-2b16-7621-8017-2bf8350979f7","task_id":"train_churn_model","run_id":"manual__2026-07-31T21:24:09.576886+00:00","map_index":-1,"logger":"task","filename":"task_runner.py","lineno":1062}
{"timestamp":"2026-07-31T21:24:27.189382Z","level":"info","event":"Task instance is in running state","logger":"task.stdout"}
{"timestamp":"2026-07-31T21:24:27.190850Z","level":"info","event":" Previous state of the Task instance: TaskInstanceState.QUEUED","logger":"task.stdout"}
{"timestamp":"2026-07-31T21:24:27.192337Z","level":"info","event":"Current task name:train_churn_model","logger":"task.stdout"}
{"timestamp":"2026-07-31T21:24:27.193820Z","level":"info","event":"Dag name:churnguard_pipeline","logger":"task.stdout"}
{"timestamp":"2026-07-31T21:24:27.190107Z","level":"info","event":"::endgroup::","try_number":1,"ti_id":"019fba10-2b16-7621-8017-2bf8350979f7","task_id":"train_churn_model","run_id":"manual__2026-07-31T21:24:09.576886+00:00","dag_id":"churnguard_pipeline","map_index":-1,"logger":"task","filename":"task_runner.py","lineno":2107}
{"timestamp":"2026-07-31T21:24:28.910168Z","level":"info","event":"Metrics: {'accuracy': 0.853, 'precision': 0.778, 'recall': 0.667, 'f1': 0.718, 'roc_auc': 0.846}","logger":"task.stdout"}
{"timestamp":"2026-07-31T21:24:28.912023Z","level":"info","event":"Top 5 features driving churn:","logger":"task.stdout"}
{"timestamp":"2026-07-31T21:24:28.913227Z","level":"info","event":"  negative_feedback_ratio: 0.227","logger":"task.stdout"}
{"timestamp":"2026-07-31T21:24:28.914545Z","level":"info","event":"  total_support_tickets: 0.130","logger":"task.stdout"}
{"timestamp":"2026-07-31T21:24:28.915636Z","level":"info","event":"  feature_score_trend: 0.120","logger":"task.stdout"}
{"timestamp":"2026-07-31T21:24:28.916801Z","level":"info","event":"  login_trend: 0.109","logger":"task.stdout"}
{"timestamp":"2026-07-31T21:24:28.917958Z","level":"info","event":"  avg_feature_score: 0.100","logger":"task.stdout"}
{"timestamp":"2026-07-31T21:24:28.910490Z","level":"info","event":"Done. Returned value was: None","try_number":1,"ti_id":"019fba10-2b16-7621-8017-2bf8350979f7","task_id":"train_churn_model","run_id":"manual__2026-07-31T21:24:09.576886+00:00","dag_id":"churnguard_pipeline","map_index":-1,"logger":"airflow.task.operators.airflow.providers.standard.operators.python.PythonOperator","filename":"python.py","lineno":233}
{"timestamp":"2026-07-31T21:24:28.910702Z","level":"info","event":"::group::Post Execute","try_number":1,"ti_id":"019fba10-2b16-7621-8017-2bf8350979f7","task_id":"train_churn_model","run_id":"manual__2026-07-31T21:24:09.576886+00:00","dag_id":"churnguard_pipeline","map_index":-1,"logger":"task","filename":"task_runner.py","lineno":1577}
{"timestamp":"2026-07-31T21:24:28.954157Z","level":"info","event":"Task instance in success state","logger":"task.stdout"}
{"timestamp":"2026-07-31T21:24:28.955743Z","level":"info","event":" Previous state of the Task instance: TaskInstanceState.RUNNING","logger":"task.stdout"}
{"timestamp":"2026-07-31T21:24:28.957599Z","level":"info","event":"Task operator:<Task(PythonOperator): train_churn_model>","logger":"task.stdout"}
{"timestamp":"2026-07-31T21:24:28.955066Z","level":"info","event":"::endgroup::","try_number":1,"ti_id":"019fba10-2b16-7621-8017-2bf8350979f7","task_id":"train_churn_model","run_id":"manual__2026-07-31T21:24:09.576886+00:00","dag_id":"churnguard_pipeline","map_index":-1,"logger":"task","filename":"task_runner.py","lineno":2270}
